 deck_LAW15_TYPE14_CHANG_0000.out
************************************************************************
**                                                                    **
**                                                                    **
**                        OpenRadioss Starter                         **
**                                                                    **
**            Non-linear Finite Element Analysis Software             **
**                                                                    **
**                                                                    **
**                                                                    **
**                    Linux 64 bits, GNU compiler                     **
**                      Double Precision Version                      **
**                                                                    **
**                                                                    **
**                                                                    **
************************************************************************
** OpenRadioss Software                                               **
** COPYRIGHT (C) 1986-2026 Altair Engineering, Inc.                   **
** Licensed under GNU Affero General Public License.                  **
** See License file.                                                  **
************************************************************************
 
  
 COMPUTATION HARDWARE DESCRIPTION
  
 HOSTNAME     CPU TYPE, FREQUENCY AND MEMORY
 COMECH-2422   Intel(R) Xeon(R) w9-3495X (x86_64),  796 MHz, 514738 MB RAM,      0 MB swap
  
 STACKSIZE  . . . . . . . . . . . . . . . . . . . . 8 MB
 THREAD STACKSIZE . . . . . . . . . . . . . . . . . 0 MB
 
************************************************************************


************************************************************************
* INPUT READING PROCESS
************************************************************************

WARNING ID : 100214
** WARNING IN INPUT OPTIONS
DESCRIPTION :  
-- BLOCK: /DEF_SOLID
-- LINE: 0         0                   0                                       0
unsupported field exists
SOLUTION :     
    Please check input format and fields description defined in the Reference Guide.

WARNING ID : 100217
** WARNING IN INPUT OPTIONS
DESCRIPTION :  
-- BLOCK: /PROP/TYPE14/1
-- LINE: /END
card is missing
SOLUTION :     
Please check input format and fields description defined in the Reference Guide.

 -NO SYNTAX ERROR DETECTED DURING INPUT READING PROCESS




************************************************************************



    UNIT SYSTEMS DEFINITION     
    -----------------------     

                                                          MASS                LENGTH              TIME
    WORK UNIT SYSTEM . . . . . . ( kg , mm , ms  ) 1.0000000000000E+00 1.0000000000000E-03 1.0000000000000E-03
    INPUT UNIT SYSTEM  . . . . . ( kg , mm , ms  ) 1.0000000000000E+00 1.0000000000000E-03 1.0000000000000E-03
LAW15 CHANG TYPE14 CHANG compatibility probe


    CONTROL  PARAMETERS                                                                  
    -------------------                                                                  

    IPRI  : PRINTOUT FLAG . . . . . . . . . . . . . . . .         0
    INVERS: MANUAL VERSION OF THIS INPUT DECK . . . . . .      2026
    NSUBS:   NUMBER OF SUBSETS. . . . . . . . . . . . . .         1
    NPART:   NUMBER OF PARTS. . . . . . . . . . . . . . .         1
    NUMMAT: NUMBER OF MATERIALS . . . . . . . . . . . . .         1
    NUMGEO: NUMBER OF PROPERTY SETS . . . . . . . . . . .         1
    NUMNOD: NUMBER OF NODAL POINTS. . . . . . . . . . . .         8
    NUMSKW: NUMBER OF SKEW REFERENCE FRAMES . . . . . . .         0
    NUMBCS: NUMBER OF BOUNDARY CONDITIONS . . . . . . . .         1
    NUMFRAM: NUMBER OF REFERENCE FRAMES . . . . . . . . .         0
    NUMELQ: NUMBER OF 2D QUAD ELEMENTS. . . . . . . . . .         0
    NUMELT3 : NUMBER OF 2D TRIA ELEMENTS. . . . . . . . .         0
    NUMELS: NUMBER OF 3D SOLID ELEMENTS . . . . . . . . .         1
    NUMELC: NUMBER OF 3D SHELL ELEMENTS (4-NODES) . . . .         0
    NUMELT: NUMBER OF 3D TRUSS ELEMENTS . . . . . . . . .         0
    NUMELP: NUMBER OF 3D BEAM  ELEMENTS . . . . . . . . .         0
    NUMELR: NUMBER OF 3D SPRING ELEMENTS. . . . . . . . .         0
    NUMELTG: NUMBER OF 3D SHELL ELEMENTS (3-NODES). . . .         0
    NUMELX: NUMBER OF MULTIPURPOSE ELEMENTS . . . . . . .         0
    NUMELIG3D: NUMBER OF ISO-GEOMETRIC ELEMENTS . . . . .         0
    NUMSPH : NUMBER OF SMOOTH PARTICLES (SPH CELLS) . . .         0
    NSPHBCS: NUMBER OF SPH SYMMETRY CONDITIONS. . . . . .         0
    NSPHIO : NUMBER OF SPH INLET/OUTLET CONDITIONS. . . .         0

    NFUNCT: NUMBER OF USER'S FUNCTIONS . . . . . . . . .          1
    NGRAV:  NUMBER OF GRAVITY LOADS . . . . . . . . . . .         0
    NFUNC2D:  NUMBER OF USER 2D FUNCTIONS . . . . . . . .         0
    NINIGRV:NUMBER OF INITIAL GRAVITY LOADS . . . . . . .         0
    NCONLD: NUMBER OF CONCENTRATED LOADS. . . . . . . . .         1
    NINVEL: NUMBER OF INITIAL VELOCITIES. . . . . . . . .         0
    NPRELD: NUMBER OF PRESSURE LOADS. . . . . . . . . . .         0
    NINIMAP1D: NUMBER OF INITIAL 1D MAPPING.. . . . . . .         0
    NINIMAP2D: NUMBER OF INITIAL 2D MAPPING.. . . . . . .         0
    NUMBER OF ACCELEROMETERS. . . . . . . . . . . . . . .         0
    NUMBER OF SENSORS . . . . . . . . . . . . . . . . . .         0
    NUMBER OF GAUGES. . . . . . . . . . . . . . . . . . .         0
    NINTER: NUMBER OF INTERFACES. . . . . . . . . . . . .         0
    NRWALL: NUMBER OF RIGID WALLS . . . . . . . . . . . .         0
    NRBODY: NUMBER OF RIGID BODIES. . . . . . . . . . . .         0
    NFXBODY: NUMBER OF FLEXIBLE BODIES. . . . . . . . . .         0
    NCONX : NUMBER OF RIGID LINKS TO MADYMO BODIES. . . .         0
    NODMAS: NUMBER OF ADDED NODAL MASSES. . . . . . . . .         0
    NIMPDISP: NUMBER OF IMPOSED DISPLACEMENTS . . . . . .         0
    NIMPVEL: NUMBER OF IMPOSED VELOCITIES . . . . . . . .         0
    NIMPACC: NUMBER OF IMPOSED ACCELERATIONS . . . . . .          0
    NRIVET: NUMBER OF RIVETS OR SPOT WELDS. . . . . . . .         0
    NSECT : NUMBER OF SECTIONS SAVED (TIME HISTORY PLOTS)         0
    NJOINT: NUMBER OF JOINTS. . . . . . . . . . . . . . .         0
    NACTIV: NUMBER OF ELEMENT DEACTIVATION GROUPS . . . .         0
    NDAMP:  NUMBER OF RAYLEIGH DAMPING GROUPS . . . . . .         0
    NGJOINT: NUMBER OF GEAR TYPE JOINTS . . . . . . . . .         0
    NUMMPC: NUMBER OF MULTI-POINT CONSTRAINTS . . . . . .         0
    NR2RLNK: NUMBER OF EXTERNAL COUPLING LINKS . . . . .          0
    NSUBDOM: NUMBER OF SUBDOMAINS . . . . . .. . . . . .          0
    NVOLU:  NUMBER OF MONITORED VOLUMES . . . . . . . . .         0
    NEIG:   NUMBER OF EIGEN AND STATIC MODES PROBLEMS . .         0
    NBEM:   NUMBER OF BEM SOLVED PROBLEMS . . . . . . . .         0
    NRBE2:  NUMBER OF RBE2 RIGID ELEMENTS . . . . . . . .         0
    NRBE3:  NUMBER OF RBE3 CONSTRAINT ELEMENTS  . . . . .         0
    INITIAL STRESS FILE =
                                          FLAG ISIGI. . .         0


    N2D3D : ANALYSIS TYPE: 0=3D,1=AXISYM,2=PLANE STRAIN .         0


    ANALYSIS OPTIONS
    ----------------

    INTEG8 : 8 GAUSS POINT CONDENSED INTEGRATION . . . . .         0
    IPARITH: PARALLEL ARITHMETIC FLAG (2 OFF, 1 0N). . . .         1
    IUSERW : GENERAL USER WINDOW FLAG. . . . . . . . . . .         0
    ISOLID : DEFAULT BRICK FORMULATION FLAG. . . . . . . .         1
    ITET4  : DEFAULT TETRA4 FORMULATION FLAG . . . . . . .      1000
    ITET10 : DEFAULT TETRA10 FORMULATION FLAG. . . . . . .      1000
    ISMSTR : DEFAULT BRICK SMALL STRAIN FLAG . . . . . . .         0
    ICPRE  : DEFAULT SOLID CONSTANT PRESSURE FLAG. . . . .         0
    ISHELL : DEFAULT SHELL FORMULATION FLAG. . . . . . . .         1
    ISST   : DEFAULT SHELL SMALL STRAIN FLAG . . . . . . .         0
    ITHK   : DEFAULT SHELL THICKNESS VARIATION FLAG. . . .         0
    IPLA   : DEFAULT PLANE STRESS PLASTICITY FLAG. . . . .         0
    ISTR   : DEFAULT SHELL STRAIN COMPUTATION FLAG . . . .         1
    ISHEA  : DEFAULT SHELL SHEAR COMPUTATION FLAG. . . . .         0
    INSH   : SHELL INERTIA FLAG. . . . . . . . . . . . . .         0
    ISH3N  : DEFAULT 3 NODE SHELL FORMULATION FLAG . . . .         1
    NPTS   : SHELL PROPERTIES DEFAULT NUMBER OF           
             INTEGRATION POINTS OR LAYERS. . . . . . . . .        -1
    IFRAME : DEFAULT SOLID FRAME FORMULATION FLAG . . . .          1
    IOFFSET: DEFAULT SHELL OFFSET FLAG. . . . . . . . . .          0
    ICONTROL:DEFAULT SOLID DISTORTION CONTROL FLAG. . . .          0
    ISHFRAM: LOCAL SHELL FRAME DEFINITION. . . . . . . . .         0


    LAGRANGE MULTIPLIER OPTIONS
    ---------------------------
    LAGM_TOL:CONVERGENCE CRITERION. . . . . . . . . . . . 1.0000000000000E-11


    NODAL MASS DISTRIBUTION FLAG . . . . . . . . .         0


    SPEED PARAMETERS  
    ----------------  

    STARTER RUNNING ON. . . . . . . . . . . . . . . . . .         1 THREAD              
    NUMBER OF SPMD DOMAINS. . . . . . . . . . . . . . . .         1
    NUMBER OF THREADS PER DOMAIN. . . . . . . . . . . . .         1
    ARCHITECTURE OPTIMIZATION . . . . . . . . . . . . . .        18, linux64             
    SIZE OF ELEMENT BUFFER. . . . . . . . . . . . . . . .       128


    LOAD CURVES
    -----------
    NUMBER OF LOAD CURVES. . . . . . . . =         1


    LOAD CURVE ID . . . . . . . . . . . =        99

    X                     Y               
     0.000000000000        1.000000000000    
     1.000000000000        1.000000000000    


    TABLES
    ------
    NUMBER OF TABLES . . . . . . . . . . =         0



    MATERIAL LAWS
    -------------
    NUMBER OF MATERIALS. . . . . . . . . =         1



     probe_chang
     MATERIAL NUMBER. . . . . . . . . . . . . . .=         1
     MATERIAL LAW . . . . . . . . . . . . . . . .=        15

       ORTHOTROPIC MATERIAL FOR SHELLS       
       -------------------------------       


     INITIAL DENSITY    . . . . . . . . . . . . .= 1.5500000000000E-09

     YOUNG'S MODULUS E11 . . . . . . . . . .=  0.1350E+06
     YOUNG'S MODULUS E22 . . . . . . . . . .=  0.1000E+05
     POISSON'S RATIO N12 . . . . . . . . . .=  0.3000E+00

     SHEAR MODULUS   G12 . . . . . . . . . .=  0.5000E+04
     SHEAR MODULUS   G23 . . . . . . . . . .=  0.3800E+04
     SHEAR MODULUS   G31 . . . . . . . . . .=  0.5000E+04

     COMPOSITE HARDENING PARAMETER  (B). . .=  1.000000000000    
     COMPOSITE HARDENING PARAMETER  (N). . .=  1.000000000000    
     COMPOSITE MAXIMUM YIELD FUNCTION FMAX .= 1.0000000000000E+30
     COMPOSITE MAXIMUM PLASTIC WORK WPLAMX .= 1.0000000000000E+30
     REFERENCE PLASTIC WORK WPLAREF. . . . .=  1.000000000000    
     TOTAL ELEMENT FAILURE CRITERIA    IOFF =         0
      IOFF=0: SHELL DELETE IF WPLA >= WPLAMX FOR 1 LAYER
      IOFF=1: SHELL DELETE IF WPLA >= WPLAMX FOR ALL LAYERS
      IOFF=2: SHELL DELETE IF FOR EACH LAYER :
              WPLA >= WPLAMX OR TENSILE FAILURE DIR 1
      IOFF=3: SHELL DELETE IF FOR EACH LAYER :
              WPLA >= WPLAMX OR TENSILE FAILURE DIR 2
      IOFF=4: SHELL DELETE IF FOR EACH LAYER :
              WPLA >= WPLAMX OR TENSILE FAILURE DIR 1 AND 2
      IOFF=5: SHELL DELETE IF FOR ALL LAYERS :
              WPLA >= WPLAMX OR TENSILE FAILURE DIR 1
              OR
              WPLA >= WPLAMX OR TENSILE FAILURE DIR 2
      IOFF=6: SHELL DELETE IF FOR EACH LAYER :
              WPLA >= WPLAMX OR TENSILE FAILURE DIR 1 OR 2


     COMPOSITE YIELD IN TENSION DIR-1  . . . . . .=  1500.000000000    
     COMPOSITE YIELD IN TENSION DIR-2  . . . . . .=  50.00000000000    
     COMPOSITE YIELD IN COMPRESSION DIR-1  . . . .=  1200.000000000    
     COMPOSITE YIELD IN COMPRESSION DIR-2  . . . .=  200.0000000000    
     F12 REDUCTION FACTOR . . . . . . . .  . . . .=  1.000000000000    


     COMPOSITE YIELD IN SHEAR (+12) . . . .=  90.00000000000    
     COMPOSITE YIELD IN SHEAR (-12) . . . .=  90.00000000000    


     STRAIN RATE COEFFICIENT CC. . . . . . .=  0.000000000000    
     REFERENCE STRAIN RATE . . . . . . . . .=  1.000000000000    
     FLAG FOR STRAIN RATE ON F-MAX Wp-MAX. .=         1


     SMOOTH STRAIN RATE OPTION . . . . . . .=         0
     STRAIN RATE CUTTING FREQUENCY . . . . .=  0.000000000000    

     SHEAR SCALING FACTOR . . . . . . . . . . .=  1.000000000000    
     TIME OF RELAXATION. . . . . . . . . . . . .= 1.0000000000000E+30

     LONGITUDINAL TENSILE STRENGTH . . . . . .=  1500.000000000    
     TRANSVERSE   TENSION STRENGTH . . . . . .=  50.00000000000    
     SHEAR STRENGTH  . . . . . . . . . . . . .=  90.00000000000    
      LONGITUDINAL COMPRESSIVE STRENGTH  . . .=  1200.000000000    
      TRANSVERSE   COMPRESSIVE STRENGTH  . . .=  200.0000000000    




     MAT_ID . . . . . . . . . . . . . . .=         1
     FAILURE MODEL TYPE . . . . . . . . .=     CHANG
     FAIL_ID. . . . . . . . . . . . . . .=         0


     ---------------------------------------------------------
                   CHANG CHANG FAILURE MODEL                  
     ---------------------------------------------------------


     FAILURE CRITERION PARAMETERS:                            
     -----------------------------                            
     LONGITUDINAL TENSILE STRENGTH (SIGMA1_T) . . . . . . . .=  1500.000000000    
     TRANSVERSAL  TENSILE STRENGTH (SIGMA2_T) . . . . . . . .=  50.00000000000    
     SHEAR STRENGTH (SIGMA_12). . . . . . . . . . . . . . . .=  90.00000000000    
     LONGITUDINAL COMPRESSIVE STRENGTH (SIGMA1_C) . . . . . .=  1200.000000000    
     TRANSVERSAL  COMPRESSIVE STRENGTH (SIGMA2_C) . . . . . .=  200.0000000000    
     SHEAR SCALING FACTOR (BETA). . . . . . . . . . . . . . .=  0.000000000000    
     RELAXATION TIME (TAU_MAX). . . . . . . . . . . . . . . .= 1.0000000200409E+20


     ELEMENT DELETION:                                        
     -----------------                                        
     SHELL FAILURE FLAG (IFAIL_SH). . . . . . . . . . . . . .=         0
        = 0: NO ELEMENT DELETION                              
        = 1: PLY/SHELL IS DELETED IF DAMAGE IS REACHED ON 1 THICKNESS INTG. POINT
        = 2: PLY/SHELL IS DELETED IF DAMAGE IS REACHED ON ALL THICKNESS INTG. POINTS
     NBR OF FAILED INTG. PT. PRIOR TO SOLID DELETION (FAILIP)=         1



         PROPERTY SETS
         -------------


probe_type14_solid                      
     STANDARD SOLID PROPERTY SET
     PROPERTY SET NUMBER . . . . . . . . . .=         1
     SOLID FORMULATION FLAG. . . . . . . . .=         1
     SMALL STRAIN FLAG . . . . . . . . . . .=         4
     IALE FLAG (0:LAGRANGE,1:ALE,2:EULER). .=         0
     SOLID STRESS PLASTICITY FLAG. . . . . .=         2
     COROTATIONAL SYSTEM FLAG. . . . . . . .=         1
     TETRA4 FORMULATION FLAG. . . . .  . . .=      1000
     TETRA10 FORMULATION FLAG . . . .  . . .=      1000
     CONSTANT PRESSURE FLAG. . . . . . . . .=         0
     CONSTANT STRESS FLAG. . . . . . . . . .=         0
     HOURGLASS NUMERICAL DAMPING . . . . . .=  0.000000000000    
     DEFAULT VALUE FOR QUADRATIC BULK. . . . 
          VISCOSITY (QA) WILL BE USED. . . .=  1.100000000000    
     EXCEPT IN CASE LAW 70 QA = 0.     
     DEFAULT VALUE FOR LINEAR BULK . . . . . 
          VISCOSITY (QB) WILL BE USED . . . = 5.0000000000000E-02
     EXCEPT IN CASE LAW 70  QB = 0.     
     HOURGLASS VISCOSITY . . . . . . . . . .= 0.1000000000000    
     NUMERICAL NAVIER STOKES VISCO. LAMBDA .=  0.000000000000    
     NUMERICAL NAVIER STOKES VISCOSITY MU. .=  0.000000000000    
     BRICK MINIMUM TIME STEP................=  0.000000000000    
     POST PROCESSING STRAIN FLAG . . . . . .=         1
     SOLID DISTORTION CONTROL FLAG . . . . .=         0

     NUMBER OF INTEGRATION POINTS. .  . .  .=         1



       PARTS
       -----



PART:         1,probe_part
----
     PROPERTY    :         1 (TYPE 14),probe_type14_solid
     MATERIAL    :         1 (LAW  15),probe_chang
     SUBSET      :         0
     FRAMEWORK   :         LAGRANGE


       HIERARCHICAL SUBSET ORGANIZATION
       --------------------------------


  
  
 SUBSET:         0,GLOBAL MODEL                                                                                                     
 ~~~~~~
  |
  |________Part(s):         1,probe_part                              

     BOUNDARY CONDITIONS                                                                 
     -------------------                                                                 
       NODE  TRANS. ROTAT.         SKEW



     CONCENTRATED LOADS  
     ------------------  
      NODE        SKEW   DIR  LOAD_CURVE      SENSOR           SCALE_X               SCALE_Y
         2           0     X          99           0    1.000000000000        1.000000000000    
         3           0     X          99           0    1.000000000000        1.000000000000    
         6           0     X          99           0    1.000000000000        1.000000000000    
         7           0     X          99           0    1.000000000000        1.000000000000    
  
 SPMD IS NOT ABLE TO CHECK FOR ELEMENT DELETION IN RADIOSS ENGINE INPUT FILE
 
 DOMAIN DECOMPOSITION USING MULTILEVEL KWAY
 ------------------------------------------
 DOMAIN DECOMPOSITION OPTIMIZED FOR PARALLEL ARITHMETIC ON
 DOMAIN DECOMPOSITION : OPTIMIZED FOR SKYLAKE PROCESSOR
** INFO: SIMPLIFIED DOMAIN DECOMPOSITION

ERROR ID :   3046
** ERROR IN MATERIAL/ELEMENT COMPATIBILITY
DESCRIPTION :  
   THE FOLLOWING MATERIAL LAW/ELEMENT TYPE COMBINATIONS ARE NOT SUPPORTED:
   ELEMENTS OF TYPE BRICK ARE NOT COMPATIBLE WITH MATERIAL ID 1          OF TYPE 15        



 BRICK GROUP         1 VECTORIZATION CODE =    0
-------------------


PART :          1, probe_part
            Mass             Ixx             Iyy             Izz             Ixy             Iyz             Izx
  1.55000000E-09  7.75000000E-10  7.75000000E-10  7.75000000E-10 -1.03397577E-25 -1.03397577E-25 -1.03397577E-25
               X               Y               Z     Kin. Energy              Vx              Vy              Vz
  5.00000000E-01  5.00000000E-01  5.00000000E-01  0.00000000E+00  0.00000000E+00  0.00000000E+00  0.00000000E+00


PART ELEMENT/MATERIAL PARAMETER REVIEW:
-----------------------

Part id,name:         1 probe_part             Mat type:  15 Elm type: SOLID-HEXA             
----
  Isolid  Ismstr   Icpre  Iframe    IHKT Itetra4 Itetra10 IMATVIS ICONTROL
       1       4       3       1       0       0       0       0       0
--      qa        qb   lamda_v      mu_v         h        dn
    1.1000    0.0500    0.0000    0.0000    0.1000    0.0000



     TOTAL MASS AND MASS CENTER
     --------------------------
                     MASS                    X                    Y                    Z

      1.5500000000000E-09  0.5000000000000      0.5000000000000      0.5000000000000    


     TOTAL INERTIA
     -------------
                      IXX                  IYY                  IZZ                  IXY                  IYZ                  IZX
      7.7500000000000E-10  7.7500000000000E-10  7.7500000000000E-10 -5.1698788284564E-26 -5.1698788284564E-26 -5.1698788284564E-26



      ADDED NODAL NON-STRUCTURAL MASSES 
     -----------------------------------

      TOTAL ADDED MASS =   0.000000000000    




         SOLID ELEMENTS TIME STEP
         ------------------------

      TIME STEP       ELEMENT NUMBER
  1.0158761936583E-07              1


         NODAL TIME STEP (estimation)
         ---------------

      TIME STEP       NODE NUMBER
  1.0158761936583E-07              1
  1.0158761936583E-07              2
  1.0158761936583E-07              3
  1.0158761936583E-07              4
  1.0158761936583E-07              5
  1.0158761936583E-07              6
  1.0158761936583E-07              7
  1.0158761936583E-07              8


         NODAL TIME STEP DISTRIBUTION 
         ----------------------------


            % OF NODES
                   ^
                   |                                                            
         100.000 --|                            #                               
                   |                            #                               
                   |                            #                               
                   |                            #                               
                   |                            #                               
                   |                            #                               
                   |                            #                               
                   |                            #                               
                   |                            #                               
                   |                            #                               
                   |                            #                               
                   |                            #                               
                   |                            #                               
                   |                            #                               
                   |                            #                               
                   |                            #                               
                   |                            #                               
                   |                            #                               
                   |                            #                               
                   |                            #                               
                   |                            #                               
                   |                            #                               
           0.000 --|#                           #                             # 
                    -------------------------------------------------------------> NODAL TIME STEP
                    |                                                          |
                1.016E-07                                                  1.016E-07
  
  


     INITIAL ADDED MASS ESTIMATION for /DT/NODA/CST
     ----------------------------------------------


            DM/M - at first cycle - scaling factor = 0.9
                   ^
                   |                                                            
           0.100 --|                                                          * 
                   |                                                            
                   |                                                      *     
                   |                                                   *        
                   |                                                *           
                   |                                             *              
                   |                                                            
                   |                                          *                 
                   |                                       *                    
                   |                                    *                       
                   |                                 *                          
                   |                              *                             
                   |                                                            
                   |                           *                                
                   |                        *                                   
                   |                     *                                      
                   |                 *                                          
                   |              *                                             
                   |                                                            
                   |           *                                                
                   |        *                                                   
                   |     *                                                      
           0.005 --|* *                                                         
                    -------------------------------------------------------------> TARGET TIME STEP
                    |                                                          |
                9.166E-08                                                  9.589E-08
  
  
              DM/M at first cycle          |  Target time step - scaling factor = 0.9  |  Target time step - scaling factor = 0.67
    -------------------------------------  |  ---------------------------------------  |  ---------------------------------------
                 1.000E-02                 |                 9.188E-08                 |                 6.840E-08
                 2.000E-02                 |                 9.234E-08                 |                 6.874E-08
                 3.000E-02                 |                 9.279E-08                 |                 6.908E-08
                 4.000E-02                 |                 9.324E-08                 |                 6.941E-08
                 5.000E-02                 |                 9.369E-08                 |                 6.974E-08


    WARNING : These added mass estimations are valid at first cycle only.
    Because of element deformation or contacts the added mass can increase during the run


 SUMMARY OF POSSIBLE INCOMPATIBLE KINEMATIC CONDITIONS :
 -----------------------------------------------------
                                  
 NO TRUE INCOMPATIBLE KINEMATIC CONDITION
 .. RESTART FILE                                                                         
  
------------------------------------------------------------------------
  
                   ** COMPUTE TIME INFORMATION **
  
 EXECUTION STARTED      :      2026/04/29  18:01:38
 EXECUTION COMPLETED    :      2026/04/29  18:01:39
  
 ELAPSED TIME...........=          0.24 s
                               00:00:00
  
------------------------------------------------------------------------



     ERROR TERMINATION                  
     ------------------                                                                  


------------------------------------------------------------------------------------------------------------------------
|            ERROR(S) SUMMARY                               |             WARNING(S) SUMMARY                           |
------------------------------------------------------------------------------------------------------------------------
|                                                           |                                                          |
|  --- INTERNAL                               1   ERROR(S)  |  --- GLOBAL UNITS                           2 WARNING(S) |
|       |                                                   |       |                                                  |
|       |                                                   |       |                                                  |
|       |---     1   ERROR ID :         3046                |       |---     1 WARNING ID :       100214               |
|       | ** ERROR IN MATERIAL/ELEMENT COMPATIBILITY        |       | ** WARNING IN INPUT OPTIONS                      |
|       |                                                   |       |                                                  |
|                                                           |       |---     1 WARNING ID :       100217               |
|                                                           |       | ** WARNING IN INPUT OPTIONS                      |
|                                                           |       |                                                  |
|                                                           |                                                          |
|                                                           |                                                          |
------------------------------------------------------------------------------------------------------------------------




              1 ERROR(S)            
              2 WARNING(S)          


