 deck_LAW2_TYPE1_USER1_0000.out
************************************************************************
**                                                                    **
**                                                                    **
**                        OpenRadioss Starter                         **
**                                                                    **
**            Non-linear Finite Element Analysis Software             **
**                                                                    **
**                                                                    **
**                                                                    **
**                    Linux 64 bits, GNU compiler                     **
**                      Double Precision Version                      **
**                                                                    **
**                                                                    **
**                                                                    **
************************************************************************
** OpenRadioss Software                                               **
** COPYRIGHT (C) 1986-2026 Altair Engineering, Inc.                   **
** Licensed under GNU Affero General Public License.                  **
** See License file.                                                  **
************************************************************************
 
  
 COMPUTATION HARDWARE DESCRIPTION
  
 HOSTNAME     CPU TYPE, FREQUENCY AND MEMORY
 COMECH-2422   Intel(R) Xeon(R) w9-3495X (x86_64),  800 MHz, 514738 MB RAM,      0 MB swap
  
 STACKSIZE  . . . . . . . . . . . . . . . . . . . . 8 MB
 THREAD STACKSIZE . . . . . . . . . . . . . . . . . 0 MB
 
************************************************************************


************************************************************************
* INPUT READING PROCESS
************************************************************************

WARNING ID : 100214
** WARNING IN INPUT OPTIONS
DESCRIPTION :  
-- BLOCK: /DEF_SOLID
-- LINE: 0         0                   0                                       0
unsupported field exists
SOLUTION :     
    Please check input format and fields description defined in the Reference Guide.

WARNING ID : 100214
** WARNING IN INPUT OPTIONS
DESCRIPTION :  
-- BLOCK: /PROP/TYPE1/1
-- LINE: 1         0                   1                   0                   0         0
unsupported field exists
SOLUTION :     
    Please check input format and fields description defined in the Reference Guide.

 -NO SYNTAX ERROR DETECTED DURING INPUT READING PROCESS




************************************************************************



    UNIT SYSTEMS DEFINITION     
    -----------------------     

                                                          MASS                LENGTH              TIME
    WORK UNIT SYSTEM . . . . . . ( kg , mm , ms  ) 1.0000000000000E+00 1.0000000000000E-03 1.0000000000000E-03
    INPUT UNIT SYSTEM  . . . . . ( kg , mm , ms  ) 1.0000000000000E+00 1.0000000000000E-03 1.0000000000000E-03
LAW2 PLAS_JOHNS TYPE1 USER1 compatibility probe


    CONTROL  PARAMETERS                                                                  
    -------------------                                                                  

    IPRI  : PRINTOUT FLAG . . . . . . . . . . . . . . . .         0
    INVERS: MANUAL VERSION OF THIS INPUT DECK . . . . . .      2026
    NSUBS:   NUMBER OF SUBSETS. . . . . . . . . . . . . .         1
    NPART:   NUMBER OF PARTS. . . . . . . . . . . . . . .         1
    NUMMAT: NUMBER OF MATERIALS . . . . . . . . . . . . .         1
    NUMGEO: NUMBER OF PROPERTY SETS . . . . . . . . . . .         1
    NUMNOD: NUMBER OF NODAL POINTS. . . . . . . . . . . .         4
    NUMSKW: NUMBER OF SKEW REFERENCE FRAMES . . . . . . .         0
    NUMBCS: NUMBER OF BOUNDARY CONDITIONS . . . . . . . .         1
    NUMFRAM: NUMBER OF REFERENCE FRAMES . . . . . . . . .         0
    NUMELQ: NUMBER OF 2D QUAD ELEMENTS. . . . . . . . . .         0
    NUMELT3 : NUMBER OF 2D TRIA ELEMENTS. . . . . . . . .         0
    NUMELS: NUMBER OF 3D SOLID ELEMENTS . . . . . . . . .         0
    NUMELC: NUMBER OF 3D SHELL ELEMENTS (4-NODES) . . . .         1
    NUMELT: NUMBER OF 3D TRUSS ELEMENTS . . . . . . . . .         0
    NUMELP: NUMBER OF 3D BEAM  ELEMENTS . . . . . . . . .         0
    NUMELR: NUMBER OF 3D SPRING ELEMENTS. . . . . . . . .         0
    NUMELTG: NUMBER OF 3D SHELL ELEMENTS (3-NODES). . . .         0
    NUMELX: NUMBER OF MULTIPURPOSE ELEMENTS . . . . . . .         0
    NUMELIG3D: NUMBER OF ISO-GEOMETRIC ELEMENTS . . . . .         0
    NUMSPH : NUMBER OF SMOOTH PARTICLES (SPH CELLS) . . .         0
    NSPHBCS: NUMBER OF SPH SYMMETRY CONDITIONS. . . . . .         0
    NSPHIO : NUMBER OF SPH INLET/OUTLET CONDITIONS. . . .         0

    NFUNCT: NUMBER OF USER'S FUNCTIONS . . . . . . . . .          1
    NGRAV:  NUMBER OF GRAVITY LOADS . . . . . . . . . . .         0
    NFUNC2D:  NUMBER OF USER 2D FUNCTIONS . . . . . . . .         0
    NINIGRV:NUMBER OF INITIAL GRAVITY LOADS . . . . . . .         0
    NCONLD: NUMBER OF CONCENTRATED LOADS. . . . . . . . .         1
    NINVEL: NUMBER OF INITIAL VELOCITIES. . . . . . . . .         0
    NPRELD: NUMBER OF PRESSURE LOADS. . . . . . . . . . .         0
    NINIMAP1D: NUMBER OF INITIAL 1D MAPPING.. . . . . . .         0
    NINIMAP2D: NUMBER OF INITIAL 2D MAPPING.. . . . . . .         0
    NUMBER OF ACCELEROMETERS. . . . . . . . . . . . . . .         0
    NUMBER OF SENSORS . . . . . . . . . . . . . . . . . .         0
    NUMBER OF GAUGES. . . . . . . . . . . . . . . . . . .         0
    NINTER: NUMBER OF INTERFACES. . . . . . . . . . . . .         0
    NRWALL: NUMBER OF RIGID WALLS . . . . . . . . . . . .         0
    NRBODY: NUMBER OF RIGID BODIES. . . . . . . . . . . .         0
    NFXBODY: NUMBER OF FLEXIBLE BODIES. . . . . . . . . .         0
    NCONX : NUMBER OF RIGID LINKS TO MADYMO BODIES. . . .         0
    NODMAS: NUMBER OF ADDED NODAL MASSES. . . . . . . . .         0
    NIMPDISP: NUMBER OF IMPOSED DISPLACEMENTS . . . . . .         0
    NIMPVEL: NUMBER OF IMPOSED VELOCITIES . . . . . . . .         0
    NIMPACC: NUMBER OF IMPOSED ACCELERATIONS . . . . . .          0
    NRIVET: NUMBER OF RIVETS OR SPOT WELDS. . . . . . . .         0
    NSECT : NUMBER OF SECTIONS SAVED (TIME HISTORY PLOTS)         0
    NJOINT: NUMBER OF JOINTS. . . . . . . . . . . . . . .         0
    NACTIV: NUMBER OF ELEMENT DEACTIVATION GROUPS . . . .         0
    NDAMP:  NUMBER OF RAYLEIGH DAMPING GROUPS . . . . . .         0
    NGJOINT: NUMBER OF GEAR TYPE JOINTS . . . . . . . . .         0
    NUMMPC: NUMBER OF MULTI-POINT CONSTRAINTS . . . . . .         0
    NR2RLNK: NUMBER OF EXTERNAL COUPLING LINKS . . . . .          0
    NSUBDOM: NUMBER OF SUBDOMAINS . . . . . .. . . . . .          0
    NVOLU:  NUMBER OF MONITORED VOLUMES . . . . . . . . .         0
    NEIG:   NUMBER OF EIGEN AND STATIC MODES PROBLEMS . .         0
    NBEM:   NUMBER OF BEM SOLVED PROBLEMS . . . . . . . .         0
    NRBE2:  NUMBER OF RBE2 RIGID ELEMENTS . . . . . . . .         0
    NRBE3:  NUMBER OF RBE3 CONSTRAINT ELEMENTS  . . . . .         0
    INITIAL STRESS FILE =
                                          FLAG ISIGI. . .         0


    N2D3D : ANALYSIS TYPE: 0=3D,1=AXISYM,2=PLANE STRAIN .         0


    ANALYSIS OPTIONS
    ----------------

    INTEG8 : 8 GAUSS POINT CONDENSED INTEGRATION . . . . .         0
    IPARITH: PARALLEL ARITHMETIC FLAG (2 OFF, 1 0N). . . .         1
    IUSERW : GENERAL USER WINDOW FLAG. . . . . . . . . . .         0
    ISOLID : DEFAULT BRICK FORMULATION FLAG. . . . . . . .         1
    ITET4  : DEFAULT TETRA4 FORMULATION FLAG . . . . . . .      1000
    ITET10 : DEFAULT TETRA10 FORMULATION FLAG. . . . . . .      1000
    ISMSTR : DEFAULT BRICK SMALL STRAIN FLAG . . . . . . .         0
    ICPRE  : DEFAULT SOLID CONSTANT PRESSURE FLAG. . . . .         0
    ISHELL : DEFAULT SHELL FORMULATION FLAG. . . . . . . .         1
    ISST   : DEFAULT SHELL SMALL STRAIN FLAG . . . . . . .         0
    ITHK   : DEFAULT SHELL THICKNESS VARIATION FLAG. . . .         0
    IPLA   : DEFAULT PLANE STRESS PLASTICITY FLAG. . . . .         0
    ISTR   : DEFAULT SHELL STRAIN COMPUTATION FLAG . . . .         1
    ISHEA  : DEFAULT SHELL SHEAR COMPUTATION FLAG. . . . .         0
    INSH   : SHELL INERTIA FLAG. . . . . . . . . . . . . .         0
    ISH3N  : DEFAULT 3 NODE SHELL FORMULATION FLAG . . . .         1
    NPTS   : SHELL PROPERTIES DEFAULT NUMBER OF           
             INTEGRATION POINTS OR LAYERS. . . . . . . . .        -1
    IFRAME : DEFAULT SOLID FRAME FORMULATION FLAG . . . .          1
    IOFFSET: DEFAULT SHELL OFFSET FLAG. . . . . . . . . .          0
    ICONTROL:DEFAULT SOLID DISTORTION CONTROL FLAG. . . .          0
    ISHFRAM: LOCAL SHELL FRAME DEFINITION. . . . . . . . .         0


    LAGRANGE MULTIPLIER OPTIONS
    ---------------------------
    LAGM_TOL:CONVERGENCE CRITERION. . . . . . . . . . . . 1.0000000000000E-11


    NODAL MASS DISTRIBUTION FLAG . . . . . . . . .         0


    SPEED PARAMETERS  
    ----------------  

    STARTER RUNNING ON. . . . . . . . . . . . . . . . . .         1 THREAD              
    NUMBER OF SPMD DOMAINS. . . . . . . . . . . . . . . .         1
    NUMBER OF THREADS PER DOMAIN. . . . . . . . . . . . .         1
    ARCHITECTURE OPTIMIZATION . . . . . . . . . . . . . .        18, linux64             
    SIZE OF ELEMENT BUFFER. . . . . . . . . . . . . . . .       128


    LOAD CURVES
    -----------
    NUMBER OF LOAD CURVES. . . . . . . . =         1


    LOAD CURVE ID . . . . . . . . . . . =        99

    X                     Y               
     0.000000000000        1.000000000000    
     1.000000000000        1.000000000000    


    TABLES
    ------
    NUMBER OF TABLES . . . . . . . . . . =         0



    MATERIAL LAWS
    -------------
    NUMBER OF MATERIALS. . . . . . . . . =         1




     probe_plas_johns
     MATERIAL NUMBER . . . . . . . . . . . .=         1
     MATERIAL LAW  . . . . . . . . . . . . . .= PLAS_JOHNS

       ELASTIC PLASTIC LAW                   
       -------------------                   


     INITIAL DENSITY . . . . . . . . . . . .= 7.8000000000000E-09

     YOUNG MODULUS . . . . . . . . . . . . .=  210000.0000000    
     POISSON  RATIO. . . . . . . . . . . . .= 0.3000000000000    
     SHEAR MODULUS . . . . . . . . . . . . .=  80769.23076923    


     JOHNSON COOK MODEL :
     YIELD COEFFICIENT A . . . . . . . . . .=  200.0000000000    
     YIELD COEFFICIENT B . . . . . . . . . .=  210.0000000000    
     YIELD COEFFICIENT N . . . . . . . . . .=  1.000000000000    
     EPS-MAX . . . . . . . . . . . . . . . .= 1.0000000000000E+20
     SIG-MAX . . . . . . . . . . . . . . . .= 1.0000000000000E+20
     ISO-KINEMATIC HARDENING FACTOR. . . . .=  0.000000000000    


     FLAG FOR STRAIN RATE DEPENDENCY TYPE. .=         2
        VP=1  EQUIVALENT PLASTIC STRAIN RATE
        VP=2  TOTAL STRAIN RATE (DEFAULT)
        VP=3  DEVIATORIC STRAIN RATE
     STRAIN RATE COEFFICIENT CC. . . . . . .=  0.000000000000    
     REFERENCE STRAIN RATE . . . . . . . . .=  1.000000000000    
     FLAG FOR STRAIN RATE ON SIG-MAX . . . .=         1
     SMOOTH STRAIN RATE OPTION . . . . . . .=         0
     STRAIN RATE CUTTING FREQUENCY . . . . .=  0.000000000000    
     TEMPERATURE EXPONENT. . . . . . . . . .=  1.000000000000    
     MELTING TEMPERATURE K . . . . . . . . .= 1.0000000000000E+20
     SPECIFIC HEAT Rho*Cp. . . . . . . . . .=  0.000000000000    
     INITIAL TEMPERATURE K . . . . . . . . .=  300.0000000000    
     MAXIMAL TEMPERATURE K . . . . . . . . .= 1.0000000000000E+20
     PRESSURE CUTOFF IN TENSION. . . . . . .=-1.0000000000000E+20




     MAT_ID . . . . . . . . . . . . . . .=         1
     FAILURE MODEL TYPE . . . . . . . . .=     USER1
     FAIL_ID. . . . . . . . . . . . . . .=         0


ERROR ID :   1130

 ** ERROR IN USER INTERFACE
DESCRIPTION :  

   OPTION: /FAIL/USER1

   USER INTERFACE OPTION USED, BUT NO USER INTERFACE ROUTINE IS FOUND




 RADIOSS STOP DUE TO INPUT ERROR


------------------------------------------------------------------------------------------------------------------------
|            ERROR(S) SUMMARY                               |             WARNING(S) SUMMARY                           |
------------------------------------------------------------------------------------------------------------------------
|                                                           |                                                          |
|  --- MATERIALS                              1   ERROR(S)  |  --- GLOBAL UNITS                           2 WARNING(S) |
|       |                                                   |       |                                                  |
|       |                                                   |       |                                                  |
|       |---     1   ERROR ID :         1130                |       |---     2 WARNING ID :       100214               |
|       | 
 ** ERROR IN USER INTERFACE                      |       | ** WARNING IN INPUT OPTIONS                      |
|       |                                                   |       |                                                  |
|                                                           |                                                          |
|                                                           |                                                          |
------------------------------------------------------------------------------------------------------------------------







     ERROR TERMINATION                  
     ------------------                                                                  
              1ERROR(S)            



     TERMINATION WITH WARNING           
     ------------------                                                                  
              2WARNING(S)          
