 deck_LAW125_TYPE6_HASHIN_0000.out
************************************************************************
**                                                                    **
**                                                                    **
**                        OpenRadioss Starter                         **
**                                                                    **
**            Non-linear Finite Element Analysis Software             **
**                                                                    **
**                                                                    **
**                                                                    **
**                    Linux 64 bits, GNU compiler                     **
**                      Double Precision Version                      **
**                                                                    **
**                                                                    **
**                                                                    **
************************************************************************
** OpenRadioss Software                                               **
** COPYRIGHT (C) 1986-2026 Altair Engineering, Inc.                   **
** Licensed under GNU Affero General Public License.                  **
** See License file.                                                  **
************************************************************************
 
  
 COMPUTATION HARDWARE DESCRIPTION
  
 HOSTNAME     CPU TYPE, FREQUENCY AND MEMORY
 COMECH-2422   Intel(R) Xeon(R) w9-3495X (x86_64),  796 MHz, 514738 MB RAM,      0 MB swap
  
 STACKSIZE  . . . . . . . . . . . . . . . . . . . . 8 MB
 THREAD STACKSIZE . . . . . . . . . . . . . . . . . 0 MB
 
************************************************************************


************************************************************************
* INPUT READING PROCESS
************************************************************************

WARNING ID : 100214
** WARNING IN INPUT OPTIONS
DESCRIPTION :  
-- BLOCK: /DEF_SOLID
-- LINE: 0         0                   0                                       0
unsupported field exists
SOLUTION :     
    Please check input format and fields description defined in the Reference Guide.

WARNING ID : 100217
** WARNING IN INPUT OPTIONS
DESCRIPTION :  
-- BLOCK: /PROP/TYPE6/1
-- LINE: /END
card is missing
SOLUTION :     
Please check input format and fields description defined in the Reference Guide.

 -NO SYNTAX ERROR DETECTED DURING INPUT READING PROCESS




************************************************************************



    UNIT SYSTEMS DEFINITION     
    -----------------------     

                                                          MASS                LENGTH              TIME
    WORK UNIT SYSTEM . . . . . . ( kg , mm , ms  ) 1.0000000000000E+00 1.0000000000000E-03 1.0000000000000E-03
    INPUT UNIT SYSTEM  . . . . . ( kg , mm , ms  ) 1.0000000000000E+00 1.0000000000000E-03 1.0000000000000E-03
LAW125 LAMINATED_COMPOSITE TYPE6 HASHIN compatibility probe


    CONTROL  PARAMETERS                                                                  
    -------------------                                                                  

    IPRI  : PRINTOUT FLAG . . . . . . . . . . . . . . . .         0
    INVERS: MANUAL VERSION OF THIS INPUT DECK . . . . . .      2026
    NSUBS:   NUMBER OF SUBSETS. . . . . . . . . . . . . .         1
    NPART:   NUMBER OF PARTS. . . . . . . . . . . . . . .         1
    NUMMAT: NUMBER OF MATERIALS . . . . . . . . . . . . .         1
    NUMGEO: NUMBER OF PROPERTY SETS . . . . . . . . . . .         1
    NUMNOD: NUMBER OF NODAL POINTS. . . . . . . . . . . .         8
    NUMSKW: NUMBER OF SKEW REFERENCE FRAMES . . . . . . .         0
    NUMBCS: NUMBER OF BOUNDARY CONDITIONS . . . . . . . .         1
    NUMFRAM: NUMBER OF REFERENCE FRAMES . . . . . . . . .         0
    NUMELQ: NUMBER OF 2D QUAD ELEMENTS. . . . . . . . . .         0
    NUMELT3 : NUMBER OF 2D TRIA ELEMENTS. . . . . . . . .         0
    NUMELS: NUMBER OF 3D SOLID ELEMENTS . . . . . . . . .         1
    NUMELC: NUMBER OF 3D SHELL ELEMENTS (4-NODES) . . . .         0
    NUMELT: NUMBER OF 3D TRUSS ELEMENTS . . . . . . . . .         0
    NUMELP: NUMBER OF 3D BEAM  ELEMENTS . . . . . . . . .         0
    NUMELR: NUMBER OF 3D SPRING ELEMENTS. . . . . . . . .         0
    NUMELTG: NUMBER OF 3D SHELL ELEMENTS (3-NODES). . . .         0
    NUMELX: NUMBER OF MULTIPURPOSE ELEMENTS . . . . . . .         0
    NUMELIG3D: NUMBER OF ISO-GEOMETRIC ELEMENTS . . . . .         0
    NUMSPH : NUMBER OF SMOOTH PARTICLES (SPH CELLS) . . .         0
    NSPHBCS: NUMBER OF SPH SYMMETRY CONDITIONS. . . . . .         0
    NSPHIO : NUMBER OF SPH INLET/OUTLET CONDITIONS. . . .         0

    NFUNCT: NUMBER OF USER'S FUNCTIONS . . . . . . . . .          1
    NGRAV:  NUMBER OF GRAVITY LOADS . . . . . . . . . . .         0
    NFUNC2D:  NUMBER OF USER 2D FUNCTIONS . . . . . . . .         0
    NINIGRV:NUMBER OF INITIAL GRAVITY LOADS . . . . . . .         0
    NCONLD: NUMBER OF CONCENTRATED LOADS. . . . . . . . .         1
    NINVEL: NUMBER OF INITIAL VELOCITIES. . . . . . . . .         0
    NPRELD: NUMBER OF PRESSURE LOADS. . . . . . . . . . .         0
    NINIMAP1D: NUMBER OF INITIAL 1D MAPPING.. . . . . . .         0
    NINIMAP2D: NUMBER OF INITIAL 2D MAPPING.. . . . . . .         0
    NUMBER OF ACCELEROMETERS. . . . . . . . . . . . . . .         0
    NUMBER OF SENSORS . . . . . . . . . . . . . . . . . .         0
    NUMBER OF GAUGES. . . . . . . . . . . . . . . . . . .         0
    NINTER: NUMBER OF INTERFACES. . . . . . . . . . . . .         0
    NRWALL: NUMBER OF RIGID WALLS . . . . . . . . . . . .         0
    NRBODY: NUMBER OF RIGID BODIES. . . . . . . . . . . .         0
    NFXBODY: NUMBER OF FLEXIBLE BODIES. . . . . . . . . .         0
    NCONX : NUMBER OF RIGID LINKS TO MADYMO BODIES. . . .         0
    NODMAS: NUMBER OF ADDED NODAL MASSES. . . . . . . . .         0
    NIMPDISP: NUMBER OF IMPOSED DISPLACEMENTS . . . . . .         0
    NIMPVEL: NUMBER OF IMPOSED VELOCITIES . . . . . . . .         0
    NIMPACC: NUMBER OF IMPOSED ACCELERATIONS . . . . . .          0
    NRIVET: NUMBER OF RIVETS OR SPOT WELDS. . . . . . . .         0
    NSECT : NUMBER OF SECTIONS SAVED (TIME HISTORY PLOTS)         0
    NJOINT: NUMBER OF JOINTS. . . . . . . . . . . . . . .         0
    NACTIV: NUMBER OF ELEMENT DEACTIVATION GROUPS . . . .         0
    NDAMP:  NUMBER OF RAYLEIGH DAMPING GROUPS . . . . . .         0
    NGJOINT: NUMBER OF GEAR TYPE JOINTS . . . . . . . . .         0
    NUMMPC: NUMBER OF MULTI-POINT CONSTRAINTS . . . . . .         0
    NR2RLNK: NUMBER OF EXTERNAL COUPLING LINKS . . . . .          0
    NSUBDOM: NUMBER OF SUBDOMAINS . . . . . .. . . . . .          0
    NVOLU:  NUMBER OF MONITORED VOLUMES . . . . . . . . .         0
    NEIG:   NUMBER OF EIGEN AND STATIC MODES PROBLEMS . .         0
    NBEM:   NUMBER OF BEM SOLVED PROBLEMS . . . . . . . .         0
    NRBE2:  NUMBER OF RBE2 RIGID ELEMENTS . . . . . . . .         0
    NRBE3:  NUMBER OF RBE3 CONSTRAINT ELEMENTS  . . . . .         0
    INITIAL STRESS FILE =
                                          FLAG ISIGI. . .         0


    N2D3D : ANALYSIS TYPE: 0=3D,1=AXISYM,2=PLANE STRAIN .         0


    ANALYSIS OPTIONS
    ----------------

    INTEG8 : 8 GAUSS POINT CONDENSED INTEGRATION . . . . .         0
    IPARITH: PARALLEL ARITHMETIC FLAG (2 OFF, 1 0N). . . .         1
    IUSERW : GENERAL USER WINDOW FLAG. . . . . . . . . . .         0
    ISOLID : DEFAULT BRICK FORMULATION FLAG. . . . . . . .         1
    ITET4  : DEFAULT TETRA4 FORMULATION FLAG . . . . . . .      1000
    ITET10 : DEFAULT TETRA10 FORMULATION FLAG. . . . . . .      1000
    ISMSTR : DEFAULT BRICK SMALL STRAIN FLAG . . . . . . .         0
    ICPRE  : DEFAULT SOLID CONSTANT PRESSURE FLAG. . . . .         0
    ISHELL : DEFAULT SHELL FORMULATION FLAG. . . . . . . .         1
    ISST   : DEFAULT SHELL SMALL STRAIN FLAG . . . . . . .         0
    ITHK   : DEFAULT SHELL THICKNESS VARIATION FLAG. . . .         0
    IPLA   : DEFAULT PLANE STRESS PLASTICITY FLAG. . . . .         0
    ISTR   : DEFAULT SHELL STRAIN COMPUTATION FLAG . . . .         1
    ISHEA  : DEFAULT SHELL SHEAR COMPUTATION FLAG. . . . .         0
    INSH   : SHELL INERTIA FLAG. . . . . . . . . . . . . .         0
    ISH3N  : DEFAULT 3 NODE SHELL FORMULATION FLAG . . . .         1
    NPTS   : SHELL PROPERTIES DEFAULT NUMBER OF           
             INTEGRATION POINTS OR LAYERS. . . . . . . . .        -1
    IFRAME : DEFAULT SOLID FRAME FORMULATION FLAG . . . .          1
    IOFFSET: DEFAULT SHELL OFFSET FLAG. . . . . . . . . .          0
    ICONTROL:DEFAULT SOLID DISTORTION CONTROL FLAG. . . .          0
    ISHFRAM: LOCAL SHELL FRAME DEFINITION. . . . . . . . .         0


    LAGRANGE MULTIPLIER OPTIONS
    ---------------------------
    LAGM_TOL:CONVERGENCE CRITERION. . . . . . . . . . . . 1.0000000000000E-11


    NODAL MASS DISTRIBUTION FLAG . . . . . . . . .         0


    SPEED PARAMETERS  
    ----------------  

    STARTER RUNNING ON. . . . . . . . . . . . . . . . . .         1 THREAD              
    NUMBER OF SPMD DOMAINS. . . . . . . . . . . . . . . .         1
    NUMBER OF THREADS PER DOMAIN. . . . . . . . . . . . .         1
    ARCHITECTURE OPTIMIZATION . . . . . . . . . . . . . .        18, linux64             
    SIZE OF ELEMENT BUFFER. . . . . . . . . . . . . . . .       128


    LOAD CURVES
    -----------
    NUMBER OF LOAD CURVES. . . . . . . . =         1


    LOAD CURVE ID . . . . . . . . . . . =        99

    X                     Y               
     0.000000000000        1.000000000000    
     1.000000000000        1.000000000000    


    TABLES
    ------
    NUMBER OF TABLES . . . . . . . . . . =         0



    MATERIAL LAWS
    -------------
    NUMBER OF MATERIALS. . . . . . . . . =         1



ERROR ID :   3068
** ERROR IN  MATERIAL LAW
DESCRIPTION :  
   -- MATERIAL ID:	1
   -- MATERIAL TITLE: probe_laminated_composite
   TO REMAIN NUMERICALLY STABLE, MATERIAL CONSTANTS E1, E2 AND NU21 MUST BE INPUT
   SUCH THAT NU12*NU21 < 1, WHERE NU12 = NU21*E1/E2

ERROR ID :    307
** INPUT ERROR IN MATERIAL LAW
DESCRIPTION :  
   -- MATERIAL ID: 1
   -- MATERIAL TITLE: probe_laminated_composite
   DETERMINANT OF MATERIAL MATRIX IS LESS THAN 0.
   CHECK CONSTITUTIVE LAW

ERROR ID :    307
** INPUT ERROR IN MATERIAL LAW
DESCRIPTION :  
   -- MATERIAL ID: 1
   -- MATERIAL TITLE: probe_laminated_composite
   DETERMINANT OF MATERIAL MATRIX IS LESS THAN 0.
   CHECK CONSTITUTIVE LAW

     probe_laminated_composite
     material number. . . . . . . . . . . . =         1
     material law . . . . . . . . . . . . . =       125

     material model : laminated composite 
     ----------------------------------

     initial density . . . . . . . . . . . . . . . . .= 1.5500000000000E-09

     elasticity parameters:                            
     ----------------------                            
     young modulus in dir. 1 (fiber)  e1 . . . . . . .=  135000.0000000    
     young modulus in dir. 2 (matrix) e2 . . . . . . .=  10000.00000000    
     young modulus in dir. 3 (matrix) e3 . . . . . . .=  10000.00000000    
     shear modulus in plane 12 g12 . . . . . . . . . .=  5000.000000000    
     shear modulus in plane 23 g23 . . . . . . . . . .=  3800.000000000    
     shear modulus in plane 31 g31 . . . . . . . . . .=  5000.000000000    
     poisson ratio in plane 21 nu21. . . . . . . . . .= 0.3000000000000    
     poisson ratio in plane 32 nu32. . . . . . . . . .= 0.4000000000000    
     poisson ratio in plane 31 nu31. . . . . . . . . .= 2.2222222200000E-02
      fiber (dir. 1) parameters   :                            
     ---------------------------                               
       strain at longitudinal tensile strength . . . . . . . . = 1.2222222222222E-02
       longitudinal tensile strength  . . . .  . . . . . . . . =  1500.000000000    
       scale for minimum longitudinal tensile stress limit. . .=  0.000000000000    
       strain at longitudinal compressive strength . . . . . . = 9.7777777777778E-03
       longitudinal compressive strength  . . . .  . . . . . . =  1200.000000000    
       scale for minimum compressive tensile stress limit. . . =  0.000000000000    

     matrix (dir. 2) parameters   :                            
     ---------------------------                               
       strain at transverse  tensile strength . . . . . . . . = 5.5000000000000E-03
       transverse tensile strength  . . . .  . . . . . . . . =  50.00000000000    
       scale for minimum transverse tensile stress limit. . .=  0.000000000000    
       strain at transverse compressive strength . . . . . . = 2.2000000000000E-02
       transverse compressive strength  . . . .  . . . . . . =  200.0000000000    
       scale for minimum compressive tensile stress limit. . . =  0.000000000000    

     matrix (dir. 3) parameters   :                            
     ---------------------------                               
     strain at transverse  tensile strength . . . . . . . . = 5.5000000000000E-03
     transverse tensile strength  . . . .  . . . . . . . . =  50.00000000000    
     scale for minimum transverse tensile stress limit. . .=  0.000000000000    
     strain at transverse compressive strength . . . . . . = 2.2000000000000E-02
     transverse compressive strength  . . . .  . . . . . . =  200.0000000000    
     scale for minimum compressive tensile stress limit. . . =  0.000000000000    

      shear (12) parameters   :                            
     ---------------------------                               
       shear strain limit in direction 12 . . . . . . . . . . = 1.9800000000000E-02
       shear stress limit in direction 12  . . . .  . . . . . =  90.00000000000    
       engineering shear strain at shear strength 12 . . . . .=  0.000000000000    
       shear strength 12 . . . . . . . . . . . . . . . . . . . =  180.0000000000    
       scale for minimum shear stress limit 12 . . . . .. . . =  0.000000000000    

      shear (13) parameters   :                            
     ---------------------------                               
       shear strain limit in direction 13 . . . . . . . . . . = 1.9800000000000E-02
       shear stress limit in direction 13  . . . .  . . . . . =  90.00000000000    
       engineering shear strain at shear strength 13 . . . . .=  0.000000000000    
       shear strength 13 . . . . . . . . . . . . . . . . . . . =  180.0000000000    
       scale for minimum shear stress limit 13 . . . . .. . . =  0.000000000000    

      shear (23) parameters   :                            
     ---------------------------                               
       shear strain limit in direction 23 . . . . . . . . . . = 2.0263157894737E-02
       shear stress limit in direction 23  . . . .  . . . . . =  70.00000000000    
       engineering shear strain at shear strength 23 . . . . .=  0.000000000000    
       shear strength 23 . . . . . . . . . . . . . . . . . . . =  140.0000000000    
       scale for minimum shear stress limit 23 . . . . .. . . =  0.000000000000    

      fiber (dir. 1) strain rate dependency  :                 
     ---------------------------                               
       curve id defining em11t  . . . .  . . . . . . . . . . . . =         0
       curve id defining longitudinal tensile strength xt . . .  =         0
       curve id defining em11c  . . . .  . . . . . . . . . . . . =         0
       curve id defining longitudinal compresssive strength xc . =         0

      matrix (dir. 2) strain rate dependency  :                
     ---------------------------                               
       curve id defining em22t  . . . .  . . . . . . . . . . . . =         0
       curve id defining longitudinal tensile strength yt . . .  =         0
       curve id defining em22c  . . . .  . . . . . . . . . . . . =         0
       curve id defining longitudinal compresssive strength xc . =         0

      matrix (dir. 3) strain rate dependency  :                
     ---------------------------                               
       curve id defining em33t  . . . .  . . . . . . . . . . . . =         0
       curve id defining longitudinal tensile strength yt . . .  =         0
       curve id defining em33c  . . . .  . . . . . . . . . . . . =         0
       curve id defining longitudinal compresssive strength yt . =         0

      dir 12 - strain rate dependency  :                       
     ---------------------------                               
       curve id defining shear strain gamma dir12 . . . . . . . .=         0
       curve id defining shear stress tau dir12 . . . . .  . . . =         0
       curve id defining shear strain ems dir12. . . . . . . . . =         0
       curve id defining shear strength sc12 at ems strain . . . =         0

      dir 13 - strain rate dependency  :                       
     ---------------------------                               
       curve id defining shear strain gamma dir13 . . . . . . .. =         0
       curve id defining shear stress tau dir13 . . . . .  . . . =         0
       curve id defining shear strain ems dir13. . . . . . . . . =         0
       curve id defining shear strength sc13 at ems strain . . . =         0

      dir 23 - strain rate dependency  :                       
     ---------------------------                               
       curve id defining shear strain gamma dir23 . . . . . . . .=         0
       curve id defining shear stress tau dir23 . . . . .  . . . =         0
       curve id defining shear strain ems dir23. . . . . . . . . =         0
       curve id defining shear strength sc23 at ems strain . . . =         0

      damage parameters:                               
     ---------------------------------                 
     damage initiation transverse shear strain. . . . . . . =  20000000000.00    
     final rupture transverse shear strain . .  . . . . . . =  10000000000.00    
     transverse shear maximum damage . . . . . . . . . . . .=  1.000000000000    
     maximum effective strain for ply failure erods  . . . .=  10000000000.00    
     curve id defining erods for strain rate dependency. . .=         0

     strain rate filtering cutoff frequency fcut . . .=  5.000000000000    



     MAT_ID . . . . . . . . . . . . . . .=         1
     FAILURE MODEL TYPE . . . . . . . . .=    HASHIN
     FAIL_ID. . . . . . . . . . . . . . .=         0


     ---------------------------------------------------------
                    HASHIN FAILURE CRITERION                  
     ---------------------------------------------------------

     FAILURE CRITERION FORMULATION FLAG (IFORM) . . . . . . .=         1
           = 1 : UNI-DIRECTIONAL LAMINA MODEL                 
           = 2 : FABRIC LAMINA MODEL                          


     FAILURE CRITERION PARAMETERS:                            
     -----------------------------                            
     LONGITUDINAL TENSILE STRENGTH (SIGMA_1T) . . . . . . . .=  1500.000000000    
     TRANSVERSE   TENSILE STRENGTH (SIGMA_2T) . . . . . . . .=  50.00000000000    
     THROUGH-THICKNESS TENSILE STRENGTH (SIGMA_3T). . . . . .=  50.00000000000    
     LONGITUDINAL COMPRESSIVE STRENGTH (SIGMA_1C) . . . . . .=  1200.000000000    
     TRANSVERSE   COMPRESSIVE STRENGTH (SIGMA_2C) . . . . . .=  200.0000000000    
     CRUSH STRENGTH (SIGMA_C) . . . . . . . . . . . . . . . .=  200.0000000000    
     SHEAR STRENGTH (SIGMA_12). . . . . . . . . . . . . . . .=  90.00000000000    
     FIBER MODE SHEAR STRENGTH (SIGMA_12F). . . . . . . . . .=  90.00000000000    
     MATRIX MODE SHEAR STRENGTH (SIGMA_12M) . . . . . . . . .=  70.00000000000    
     MATRIX MODE SHEAR STRENGTH (SIGMA_23M) . . . . . . . . .=  90.00000000000    
     MATRIX MODE SHEAR STRENGTH (SIGMA_13M) . . . . . . . . .=  0.000000000000    
     COULOMB FRICTION ANGLE (PHI) . . . . . . . . . . . . . .=  1.000000000000    
     DELAMINATION STRENGTH SCALE FACTOR (SDEL). . . . . . . .= 1.0000000000000E+20
     RELAXATION TIME (TAU_MAX). . . . . . . . . . . . . . . .=

     ELEMENT DELETION:                                        
     -----------------                                        
     SHELL FAILURE FLAG (IFAIL_SH). . . . . . . . . . . . . .=         0
        = 0: NO ELEMENT DELETION                              
        = 1: PLY/SHELL IS DELETED IF DAMAGE IS REACHED ON 1 THICKNESS INTG. POINT
        = 2: PLY/SHELL IS DELETED IF DAMAGE IS REACHED ON THE THICKNESS FRACTION PTHICKFAIL
        = 3: PLY/SHELL IS DELETED IF DAMAGE IS REACHED ON ALL THICKNESS INTG. POINT
     FAILED THICKNESS FRACTION (PTHICKFAIL) . . . . . . . . .=  1.000000000000    
     SOLID FAILURE FLAG (IFAIL_SO). . . . . . . . . . . . . .=         1
        = 0: NO ELEMENT DELETION                              
        = 1: ELEMENT IS DELETED IF DAMAGE IS REACHED ON 1 INTEGRATION POINT
        = 2: ELEMENT IS DELETED IF DAMAGE IS REACHED ON ALL INTEGRATION POINTS



         PROPERTY SETS
         -------------


probe_type6_sol_orth                    
     ORTHOTROPIC SOLID PROPERTY SET
     PROPERTY SET NUMBER . . . . . . . . . .=         1
     SOLID FORMULATION FLAG. . . . . . . . .=         1
     SMALL STRAIN FLAG . . . . . . . . . . .=         4
     SOLID STRESS PLASTICITY FLAG. . . . . .=         2
     NUMBER OF INTEGRATION POINTS. .  . .  .=         1
     COROTATIONAL SYSTEM FLAG. . . . . . . .=         1
     TETRA4 FORMULATION FLAG. . . . .  . . .=      1000
     TETRA10 FORMULATION FLAG . . . .  . . .=      1000
     CONSTANT PRESSURE FLAG. . . . . . . . .=         0
     CONSTANT STRESS FLAG. . . . . . . . . .=         0
     HOURGLASS NUMERICAL DAMPING . . . . . .=  0.000000000000    
     DEFAULT VALUE FOR QUADRATIC BULK. . . . 
          VISCOSITY (QA) WILL BE USED. . . .=  1.100000000000    
     EXCEPT IN CASE LAW 70 WHERE QA = 0.     
     DEFAULT VALUE FOR LINEAR BULK . . . . . 
          VISCOSITY (QB) WILL BE USED . . . = 5.0000000000000E-02
     EXCEPT IN CASE LAW 70 WHERE QB = 0.     
     HOURGLASS VISCOSITY . . . . . . . . . .= 0.1000000000000    
     BRICK MINIMUM TIME STEP................=  0.000000000000    
     LOCAL ORTHOTROPY SYSTEM FORMULATION . .=         0
     POST PROCESSING STRAIN FLAG . . . . . .=         1
     SOLID DISTORTION CONTROL FLAG . . . . .=         0

     ORTHOTROPIC PLANE NUMBER. . . . . . . .=         1
          1=(R,S)  2=(S,T)  3=(T,R)            
     ORTHOTROPIC ANGLE . . . . . . . . . . .=  0.000000000000    


       PARTS
       -----



PART:         1,probe_part
----
     PROPERTY    :         1 (TYPE 06),probe_type6_sol_orth
     MATERIAL    :         1 (LAW 125),probe_laminated_composite
     SUBSET      :         0
     FRAMEWORK   :         LAGRANGE


       HIERARCHICAL SUBSET ORGANIZATION
       --------------------------------


  
  
 SUBSET:         0,GLOBAL MODEL                                                                                                     
 ~~~~~~
  |
  |________Part(s):         1,probe_part                              

     BOUNDARY CONDITIONS                                                                 
     -------------------                                                                 
       NODE  TRANS. ROTAT.         SKEW



     CONCENTRATED LOADS  
     ------------------  
      NODE        SKEW   DIR  LOAD_CURVE      SENSOR           SCALE_X               SCALE_Y
         2           0     X          99           0    1.000000000000        1.000000000000    
         3           0     X          99           0    1.000000000000        1.000000000000    
         6           0     X          99           0    1.000000000000        1.000000000000    
         7           0     X          99           0    1.000000000000        1.000000000000    
  
 SPMD IS NOT ABLE TO CHECK FOR ELEMENT DELETION IN RADIOSS ENGINE INPUT FILE
 
 DOMAIN DECOMPOSITION USING MULTILEVEL KWAY
 ------------------------------------------
 DOMAIN DECOMPOSITION OPTIMIZED FOR PARALLEL ARITHMETIC ON
 DOMAIN DECOMPOSITION : OPTIMIZED FOR SKYLAKE PROCESSOR
** INFO: SIMPLIFIED DOMAIN DECOMPOSITION



 BRICK GROUP         1 VECTORIZATION CODE =    0
-------------------


PART :          1, probe_part
            Mass             Ixx             Iyy             Izz             Ixy             Iyz             Izx
  1.55000000E-09  7.75000000E-10  7.75000000E-10  7.75000000E-10 -1.03397577E-25 -1.03397577E-25 -1.03397577E-25
               X               Y               Z     Kin. Energy              Vx              Vy              Vz
  5.00000000E-01  5.00000000E-01  5.00000000E-01  0.00000000E+00  0.00000000E+00  0.00000000E+00  0.00000000E+00


PART ELEMENT/MATERIAL PARAMETER REVIEW:
-----------------------

Part id,name:         1 probe_part             Mat type: 125 Elm type: SOLID-HEXA             
----
  Isolid  Ismstr   Icpre  Iframe    IHKT Itetra4 Itetra10 IMATVIS ICONTROL
       1       4       3       1       0       0       0       0       0
--      qa        qb   lamda_v      mu_v         h        dn
    1.1000    0.0500    0.0000    0.0000    0.1000    0.0000



     TOTAL MASS AND MASS CENTER
     --------------------------
                     MASS                    X                    Y                    Z

      1.5500000000000E-09  0.5000000000000      0.5000000000000      0.5000000000000    


     TOTAL INERTIA
     -------------
                      IXX                  IYY                  IZZ                  IXY                  IYZ                  IZX
      7.7500000000000E-10  7.7500000000000E-10  7.7500000000000E-10 -5.1698788284564E-26 -5.1698788284564E-26 -5.1698788284564E-26



      ADDED NODAL NON-STRUCTURAL MASSES 
     -----------------------------------

      TOTAL ADDED MASS =   0.000000000000    




         SOLID ELEMENTS TIME STEP
         ------------------------

      TIME STEP       ELEMENT NUMBER
  5.0719314179414E-07              1


         NODAL TIME STEP (estimation)
         ---------------

      TIME STEP       NODE NUMBER
  5.0719314179414E-07              1
  5.0719314179414E-07              2
  5.0719314179414E-07              3
  5.0719314179414E-07              4
  5.0719314179414E-07              5
  5.0719314179414E-07              6
  5.0719314179414E-07              7
  5.0719314179414E-07              8


         NODAL TIME STEP DISTRIBUTION 
         ----------------------------


            % OF NODES
                   ^
                   |                                                            
         100.000 --|                            #                               
                   |                            #                               
                   |                            #                               
                   |                            #                               
                   |                            #                               
                   |                            #                               
                   |                            #                               
                   |                            #                               
                   |                            #                               
                   |                            #                               
                   |                            #                               
                   |                            #                               
                   |                            #                               
                   |                            #                               
                   |                            #                               
                   |                            #                               
                   |                            #                               
                   |                            #                               
                   |                            #                               
                   |                            #                               
                   |                            #                               
                   |                            #                               
           0.000 --|#                           #                             # 
                    -------------------------------------------------------------> NODAL TIME STEP
                    |                                                          |
                5.072E-07                                                  5.072E-07
  
  


     INITIAL ADDED MASS ESTIMATION for /DT/NODA/CST
     ----------------------------------------------


            DM/M - at first cycle - scaling factor = 0.9
                   ^
                   |                                                            
           0.100 --|                                                          * 
                   |                                                            
                   |                                                      *     
                   |                                                   *        
                   |                                                *           
                   |                                             *              
                   |                                                            
                   |                                          *                 
                   |                                       *                    
                   |                                    *                       
                   |                                 *                          
                   |                              *                             
                   |                                                            
                   |                           *                                
                   |                        *                                   
                   |                     *                                      
                   |                 *                                          
                   |              *                                             
                   |                                                            
                   |           *                                                
                   |        *                                                   
                   |     *                                                      
           0.005 --|* *                                                         
                    -------------------------------------------------------------> TARGET TIME STEP
                    |                                                          |
                4.576E-07                                                  4.788E-07
  
  
              DM/M at first cycle          |  Target time step - scaling factor = 0.9  |  Target time step - scaling factor = 0.67
    -------------------------------------  |  ---------------------------------------  |  ---------------------------------------
                 1.000E-02                 |                 4.588E-07                 |                 3.415E-07
                 2.000E-02                 |                 4.610E-07                 |                 3.432E-07
                 3.000E-02                 |                 4.633E-07                 |                 3.449E-07
                 4.000E-02                 |                 4.655E-07                 |                 3.465E-07
                 5.000E-02                 |                 4.677E-07                 |                 3.482E-07


    WARNING : These added mass estimations are valid at first cycle only.
    Because of element deformation or contacts the added mass can increase during the run


 SUMMARY OF POSSIBLE INCOMPATIBLE KINEMATIC CONDITIONS :
 -----------------------------------------------------
                                  
 NO TRUE INCOMPATIBLE KINEMATIC CONDITION
 .. RESTART FILE                                                                         
  
------------------------------------------------------------------------
  
                   ** COMPUTE TIME INFORMATION **
  
 EXECUTION STARTED      :      2026/04/29  18:02:25
 EXECUTION COMPLETED    :      2026/04/29  18:02:25
  
 ELAPSED TIME...........=          0.23 s
                               00:00:00
  
------------------------------------------------------------------------



     ERROR TERMINATION                  
     ------------------                                                                  


------------------------------------------------------------------------------------------------------------------------
|            ERROR(S) SUMMARY                               |             WARNING(S) SUMMARY                           |
------------------------------------------------------------------------------------------------------------------------
|                                                           |                                                          |
|  --- MATERIALS                              3   ERROR(S)  |  --- GLOBAL UNITS                           2 WARNING(S) |
|       |                                                   |       |                                                  |
|       |                                                   |       |                                                  |
|       |---     2   ERROR ID :          307                |       |---     1 WARNING ID :       100214               |
|       | ** INPUT ERROR IN MATERIAL LAW                    |       | ** WARNING IN INPUT OPTIONS                      |
|       |                                                   |       |                                                  |
|       |---     1   ERROR ID :         3068                |       |---     1 WARNING ID :       100217               |
|       | ** ERROR IN  MATERIAL LAW                         |       | ** WARNING IN INPUT OPTIONS                      |
|       |                                                   |       |                                                  |
|                                                           |                                                          |
|                                                           |                                                          |
------------------------------------------------------------------------------------------------------------------------




              3 ERROR(S)            
              2 WARNING(S)          


