 deck_LAW158_TYPE1_base_0000.out
************************************************************************
**                                                                    **
**                                                                    **
**                        OpenRadioss Starter                         **
**                                                                    **
**            Non-linear Finite Element Analysis Software             **
**                                                                    **
**                                                                    **
**                                                                    **
**                    Linux 64 bits, GNU compiler                     **
**                      Double Precision Version                      **
**                                                                    **
**                                                                    **
**                                                                    **
************************************************************************
** OpenRadioss Software                                               **
** COPYRIGHT (C) 1986-2026 Altair Engineering, Inc.                   **
** Licensed under GNU Affero General Public License.                  **
** See License file.                                                  **
************************************************************************
 
  
 COMPUTATION HARDWARE DESCRIPTION
  
 HOSTNAME     CPU TYPE, FREQUENCY AND MEMORY
 COMECH-2422   Intel(R) Xeon(R) w9-3495X (x86_64),  778 MHz, 514738 MB RAM,      0 MB swap
  
 STACKSIZE  . . . . . . . . . . . . . . . . . . . . 8 MB
 THREAD STACKSIZE . . . . . . . . . . . . . . . . . 0 MB
 
************************************************************************


************************************************************************
* INPUT READING PROCESS
************************************************************************

WARNING ID : 100214
** WARNING IN INPUT OPTIONS
DESCRIPTION :  
-- BLOCK: /DEF_SOLID
-- LINE: 0         0                   0                                       0
unsupported field exists
SOLUTION :     
    Please check input format and fields description defined in the Reference Guide.

WARNING ID : 100214
** WARNING IN INPUT OPTIONS
DESCRIPTION :  
-- BLOCK: /PROP/TYPE1/1
-- LINE: 1         0                   1                   0                   0         0
unsupported field exists
SOLUTION :     
    Please check input format and fields description defined in the Reference Guide.

 -NO SYNTAX ERROR DETECTED DURING INPUT READING PROCESS




************************************************************************



    UNIT SYSTEMS DEFINITION     
    -----------------------     

                                                          MASS                LENGTH              TIME
    WORK UNIT SYSTEM . . . . . . ( kg , mm , ms  ) 1.0000000000000E+00 1.0000000000000E-03 1.0000000000000E-03
    INPUT UNIT SYSTEM  . . . . . ( kg , mm , ms  ) 1.0000000000000E+00 1.0000000000000E-03 1.0000000000000E-03
LAW158 FABR_NL TYPE1 base compatibility probe


    CONTROL  PARAMETERS                                                                  
    -------------------                                                                  

    IPRI  : PRINTOUT FLAG . . . . . . . . . . . . . . . .         0
    INVERS: MANUAL VERSION OF THIS INPUT DECK . . . . . .      2026
    NSUBS:   NUMBER OF SUBSETS. . . . . . . . . . . . . .         1
    NPART:   NUMBER OF PARTS. . . . . . . . . . . . . . .         1
    NUMMAT: NUMBER OF MATERIALS . . . . . . . . . . . . .         1
    NUMGEO: NUMBER OF PROPERTY SETS . . . . . . . . . . .         1
    NUMNOD: NUMBER OF NODAL POINTS. . . . . . . . . . . .         4
    NUMSKW: NUMBER OF SKEW REFERENCE FRAMES . . . . . . .         0
    NUMBCS: NUMBER OF BOUNDARY CONDITIONS . . . . . . . .         1
    NUMFRAM: NUMBER OF REFERENCE FRAMES . . . . . . . . .         0
    NUMELQ: NUMBER OF 2D QUAD ELEMENTS. . . . . . . . . .         0
    NUMELT3 : NUMBER OF 2D TRIA ELEMENTS. . . . . . . . .         0
    NUMELS: NUMBER OF 3D SOLID ELEMENTS . . . . . . . . .         0
    NUMELC: NUMBER OF 3D SHELL ELEMENTS (4-NODES) . . . .         1
    NUMELT: NUMBER OF 3D TRUSS ELEMENTS . . . . . . . . .         0
    NUMELP: NUMBER OF 3D BEAM  ELEMENTS . . . . . . . . .         0
    NUMELR: NUMBER OF 3D SPRING ELEMENTS. . . . . . . . .         0
    NUMELTG: NUMBER OF 3D SHELL ELEMENTS (3-NODES). . . .         0
    NUMELX: NUMBER OF MULTIPURPOSE ELEMENTS . . . . . . .         0
    NUMELIG3D: NUMBER OF ISO-GEOMETRIC ELEMENTS . . . . .         0
    NUMSPH : NUMBER OF SMOOTH PARTICLES (SPH CELLS) . . .         0
    NSPHBCS: NUMBER OF SPH SYMMETRY CONDITIONS. . . . . .         0
    NSPHIO : NUMBER OF SPH INLET/OUTLET CONDITIONS. . . .         0

    NFUNCT: NUMBER OF USER'S FUNCTIONS . . . . . . . . .          2
    NGRAV:  NUMBER OF GRAVITY LOADS . . . . . . . . . . .         0
    NFUNC2D:  NUMBER OF USER 2D FUNCTIONS . . . . . . . .         0
    NINIGRV:NUMBER OF INITIAL GRAVITY LOADS . . . . . . .         0
    NCONLD: NUMBER OF CONCENTRATED LOADS. . . . . . . . .         1
    NINVEL: NUMBER OF INITIAL VELOCITIES. . . . . . . . .         0
    NPRELD: NUMBER OF PRESSURE LOADS. . . . . . . . . . .         0
    NINIMAP1D: NUMBER OF INITIAL 1D MAPPING.. . . . . . .         0
    NINIMAP2D: NUMBER OF INITIAL 2D MAPPING.. . . . . . .         0
    NUMBER OF ACCELEROMETERS. . . . . . . . . . . . . . .         0
    NUMBER OF SENSORS . . . . . . . . . . . . . . . . . .         0
    NUMBER OF GAUGES. . . . . . . . . . . . . . . . . . .         0
    NINTER: NUMBER OF INTERFACES. . . . . . . . . . . . .         0
    NRWALL: NUMBER OF RIGID WALLS . . . . . . . . . . . .         0
    NRBODY: NUMBER OF RIGID BODIES. . . . . . . . . . . .         0
    NFXBODY: NUMBER OF FLEXIBLE BODIES. . . . . . . . . .         0
    NCONX : NUMBER OF RIGID LINKS TO MADYMO BODIES. . . .         0
    NODMAS: NUMBER OF ADDED NODAL MASSES. . . . . . . . .         0
    NIMPDISP: NUMBER OF IMPOSED DISPLACEMENTS . . . . . .         0
    NIMPVEL: NUMBER OF IMPOSED VELOCITIES . . . . . . . .         0
    NIMPACC: NUMBER OF IMPOSED ACCELERATIONS . . . . . .          0
    NRIVET: NUMBER OF RIVETS OR SPOT WELDS. . . . . . . .         0
    NSECT : NUMBER OF SECTIONS SAVED (TIME HISTORY PLOTS)         0
    NJOINT: NUMBER OF JOINTS. . . . . . . . . . . . . . .         0
    NACTIV: NUMBER OF ELEMENT DEACTIVATION GROUPS . . . .         0
    NDAMP:  NUMBER OF RAYLEIGH DAMPING GROUPS . . . . . .         0
    NGJOINT: NUMBER OF GEAR TYPE JOINTS . . . . . . . . .         0
    NUMMPC: NUMBER OF MULTI-POINT CONSTRAINTS . . . . . .         0
    NR2RLNK: NUMBER OF EXTERNAL COUPLING LINKS . . . . .          0
    NSUBDOM: NUMBER OF SUBDOMAINS . . . . . .. . . . . .          0
    NVOLU:  NUMBER OF MONITORED VOLUMES . . . . . . . . .         0
    NEIG:   NUMBER OF EIGEN AND STATIC MODES PROBLEMS . .         0
    NBEM:   NUMBER OF BEM SOLVED PROBLEMS . . . . . . . .         0
    NRBE2:  NUMBER OF RBE2 RIGID ELEMENTS . . . . . . . .         0
    NRBE3:  NUMBER OF RBE3 CONSTRAINT ELEMENTS  . . . . .         0
    INITIAL STRESS FILE =
                                          FLAG ISIGI. . .         0


    N2D3D : ANALYSIS TYPE: 0=3D,1=AXISYM,2=PLANE STRAIN .         0


    ANALYSIS OPTIONS
    ----------------

    INTEG8 : 8 GAUSS POINT CONDENSED INTEGRATION . . . . .         0
    IPARITH: PARALLEL ARITHMETIC FLAG (2 OFF, 1 0N). . . .         1
    IUSERW : GENERAL USER WINDOW FLAG. . . . . . . . . . .         0
    ISOLID : DEFAULT BRICK FORMULATION FLAG. . . . . . . .         1
    ITET4  : DEFAULT TETRA4 FORMULATION FLAG . . . . . . .      1000
    ITET10 : DEFAULT TETRA10 FORMULATION FLAG. . . . . . .      1000
    ISMSTR : DEFAULT BRICK SMALL STRAIN FLAG . . . . . . .         0
    ICPRE  : DEFAULT SOLID CONSTANT PRESSURE FLAG. . . . .         0
    ISHELL : DEFAULT SHELL FORMULATION FLAG. . . . . . . .         1
    ISST   : DEFAULT SHELL SMALL STRAIN FLAG . . . . . . .         0
    ITHK   : DEFAULT SHELL THICKNESS VARIATION FLAG. . . .         0
    IPLA   : DEFAULT PLANE STRESS PLASTICITY FLAG. . . . .         0
    ISTR   : DEFAULT SHELL STRAIN COMPUTATION FLAG . . . .         1
    ISHEA  : DEFAULT SHELL SHEAR COMPUTATION FLAG. . . . .         0
    INSH   : SHELL INERTIA FLAG. . . . . . . . . . . . . .         0
    ISH3N  : DEFAULT 3 NODE SHELL FORMULATION FLAG . . . .         1
    NPTS   : SHELL PROPERTIES DEFAULT NUMBER OF           
             INTEGRATION POINTS OR LAYERS. . . . . . . . .        -1
    IFRAME : DEFAULT SOLID FRAME FORMULATION FLAG . . . .          1
    IOFFSET: DEFAULT SHELL OFFSET FLAG. . . . . . . . . .          0
    ICONTROL:DEFAULT SOLID DISTORTION CONTROL FLAG. . . .          0
    ISHFRAM: LOCAL SHELL FRAME DEFINITION. . . . . . . . .         0


    LAGRANGE MULTIPLIER OPTIONS
    ---------------------------
    LAGM_TOL:CONVERGENCE CRITERION. . . . . . . . . . . . 1.0000000000000E-11


    NODAL MASS DISTRIBUTION FLAG . . . . . . . . .         0


    SPEED PARAMETERS  
    ----------------  

    STARTER RUNNING ON. . . . . . . . . . . . . . . . . .         1 THREAD              
    NUMBER OF SPMD DOMAINS. . . . . . . . . . . . . . . .         1
    NUMBER OF THREADS PER DOMAIN. . . . . . . . . . . . .         1
    ARCHITECTURE OPTIMIZATION . . . . . . . . . . . . . .        18, linux64             
    SIZE OF ELEMENT BUFFER. . . . . . . . . . . . . . . .       128


    LOAD CURVES
    -----------
    NUMBER OF LOAD CURVES. . . . . . . . =         2


    LOAD CURVE ID . . . . . . . . . . . =         1

    X                     Y               
    -1000000000.000        1.000000000000    
     1000000000.000        1.000000000000    

    LOAD CURVE ID . . . . . . . . . . . =        99

    X                     Y               
     0.000000000000        1.000000000000    
     1.000000000000        1.000000000000    


    TABLES
    ------
    NUMBER OF TABLES . . . . . . . . . . =         0



    MATERIAL LAWS
    -------------
    NUMBER OF MATERIALS. . . . . . . . . =         1



     probe_fabric_nl
     MATERIAL NUMBER. . . . . . . . . . . . . . . . . =         1
     MATERIAL LAW . . . . . . . . . . . . . . . . . . =       158

     MATERIAL MODEL : ANISOTROPIC FABRIC (LAW158)     
     --------------------------------------------     

     INITIAL DENSITY . . . .  .  . . . . . . . . . . .= 1.5500000000000E-09
     NOMINAL WARP STRETCH. . . . . . . . . . . . . . .=  1.000000000000    
     NOMINAL WEFT STRETCH. . . . . . . . . . . . . . .=  1.000000000000    
     COUPLING STIFFNESS MODULUS. . . . . . . . . . . .=  1.000000000000    
     FLEX MODULUS (WARP) . . . . . . . . .  . . . .  .=  1.000000000000    
     FLEX MODULUS (WEFT) . . . . . . . . .  . . . .  .=  1.000000000000    
     LOADING STRESS FUNCTION ID IN WARP DIRECTION. . .=         1
     LOADING STRESS FUNCTION ID IN WEFT DIRECTION. . .=         1
     LOADING STRESS FUNCTION ID IN SHEAR . . . . . . .=         1
     FLEX STRESS FUNCTION ID IN WARP DIRECTION . . . .=         0
     FLEX STRESS FUNCTION ID IN WEFT DIRECTION . . . .=         0
     LOADING FUNCTION SCALE FACTOR (WARP). . . . . . .=  1.000000000000    
     LOADING FUNCTION SCALE FACTOR (WEFT). . . . . . .=  1.000000000000    
     LOADING FUNCTION SCALE FACTOR (SHEAR) . . . . . .=  1.000000000000    
     SENSOR ID . . . . . . . . . . . . . . . . . . . .=         0
     REF-STATE STRESS RELAXATION FACTOR. . . . . . . .=  0.000000000000    



         PROPERTY SETS
         -------------


probe_type1_shell                       
     ISOTROPIC SHELL PROPERTY SET
     PROPERTY SET NUMBER . . . . . . . . . .=         1
     NUMBER OF INTEGRATION POINTS. . . . . .=         1
     POST PROCESSING STRAIN FLAG . . . . . .=         1
     SHELL THICKNESS . . . . . . . . . . . .=  1.000000000000    
     SMALL STRAIN FLAG . . . . . . . . . . .=         2
     SHELL FORMULATION FLAG. . . . . . . . .=         1
     3NODE SHELL FORMULATION FLAG. . . . . .=         1
     SHELL HOURGLASS MEMBRANE DAMPING. . . .= 1.0000000000000E-02
     SHELL HOURGLASS FLEXURAL DAMPING. . . .= 1.0000000000000E-02
     SHELL HOURGLASS ROTATIONAL DAMPING. . .= 1.0000000000000E-02
     SHELL MEMBRANE DAMPING. . . . . . . . .=  0.000000000000    
     SHEAR AREA REDUCTION FACTOR . . . . . .=  0.000000000000    
     ELEMENT DELETION PARAMETER. . . . . . .= 0.9999990000000    
      > 0.0 : FRACTION OF FAILED THICKNESS   
      < 0.0 : FRACTION OF FAILED INTG. POINTS
     SHEAR FORMULATION FLAG. . . . . . . . .=         0
     THICKNESS VARIATION FLAG. . . . . . . .=         0
     PLASTICITY FORMULATION FLAG . . . . . .=         0
     SHELL OFFSET POSITION FLAG . . . . . . =         0




       PARTS
       -----



PART:         1,probe_part
----
     PROPERTY    :         1 (TYPE 01),probe_type1_shell
     MATERIAL    :         1 (LAW 158),probe_fabric_nl
     SUBSET      :         0
     FRAMEWORK   :         LAGRANGE
     VIRT. THICKN:         0.000000000000    


       HIERARCHICAL SUBSET ORGANIZATION
       --------------------------------


  
  
 SUBSET:         0,GLOBAL MODEL                                                                                                     
 ~~~~~~
  |
  |________Part(s):         1,probe_part                              

     BOUNDARY CONDITIONS                                                                 
     -------------------                                                                 
       NODE  TRANS. ROTAT.         SKEW



     CONCENTRATED LOADS  
     ------------------  
      NODE        SKEW   DIR  LOAD_CURVE      SENSOR           SCALE_X               SCALE_Y
         2           0     X          99           0    1.000000000000        1.000000000000    
         3           0     X          99           0    1.000000000000        1.000000000000    

ERROR ID :   1581
** ERROR IN /MAT/LAW58
DESCRIPTION :  
   -- MATERIAL ID: 1
   -- MATERIAL TITLE: probe_fabric_nl
   -- FUNC ID: 1
   ERROR IN FUNCTION FOR WARP DIRECTION
   LOADING/UNLOADING FUNCTION  MUST INCREASE MONOTONICALLY

ERROR ID :   1582
** ERROR IN /MAT/LAW58
DESCRIPTION :  
   -- MATERIAL ID: 1
   -- MATERIAL TITLE: probe_fabric_nl
   -- FUNC ID: 1
   ERROR IN FUNCTION FOR WEFT DIRECTION
   LOADING/UNLOADING FUNCTION  MUST INCREASE MONOTONICALLY

ERROR ID :   1583
** ERROR IN /MAT/LAW58
DESCRIPTION :  
   -- MATERIAL ID: 1
   -- MATERIAL TITLE: probe_fabric_nl
   -- FUNC ID: 1
   ERROR IN FUNCTION FOR SHEAR DIRECTION
   LOADING/UNLOADING FUNCTION  MUST INCREASE MONOTONICALLY
  
 SPMD IS NOT ABLE TO CHECK FOR ELEMENT DELETION IN RADIOSS ENGINE INPUT FILE
 
 DOMAIN DECOMPOSITION USING MULTILEVEL KWAY
 ------------------------------------------
 DOMAIN DECOMPOSITION OPTIMIZED FOR PARALLEL ARITHMETIC ON
 DOMAIN DECOMPOSITION : OPTIMIZED FOR SKYLAKE PROCESSOR

ERROR ID :   3047
** ERROR IN MATERIAL/PROPERTY COMPATIBILITY
DESCRIPTION :  
   THE FOLLOWING MATERIAL LAW/PROPERTY COMBINATIONS ARE NOT SUPPORTED:
   PROPERTY ID 1          OF TYPE 1          IS NOT COMPATIBLE WITH MATERIAL ID 1          OF TYPE 158       




ERROR ID :    658
** ERROR IN MATERIAL/PROPERTY CONSISTENCY
DESCRIPTION :  
   -- PROPERTY ID: 1
   -- PROPERTY TITLE: probe_type1_shell
   MATERIAL TYPE 158 IS NOT COMPATIBLE WITH
   PROPERTY TYPE 1
 SHELL GROUP         1 VECTORIZATION CODE =    0
-------------------


PART :          1, probe_part
            Mass             Ixx             Iyy             Izz             Ixy             Iyz             Izx
  1.55000000E-09  6.88888889E-10  6.88888889E-10  1.07638889E-09 -1.03397577E-25  0.00000000E+00  0.00000000E+00
               X               Y               Z     Kin. Energy              Vx              Vy              Vz
  5.00000000E-01  5.00000000E-01  0.00000000E+00  0.00000000E+00  0.00000000E+00  0.00000000E+00  0.00000000E+00


PART ELEMENT/MATERIAL PARAMETER REVIEW:
-----------------------

Part id,name:         1 probe_part             Mat type: 158 Elm type: SHELL-4nodes           
----
  Ishell  Ismstr   Idril     NPT    ITHK   IPLAS    IPOS
       1       2       2       1       0       0       0
--      hm        hf        hr        dm        dn
    0.0100    0.0100    0.0100    0.0750    0.0000



     TOTAL MASS AND MASS CENTER
     --------------------------
                     MASS                    X                    Y                    Z

      1.5500000000000E-09  0.5000000000000      0.5000000000000       0.000000000000    


     TOTAL INERTIA
     -------------
                      IXX                  IYY                  IZZ                  IXY                  IYZ                  IZX
      6.8888888888889E-10  6.8888888888889E-10  1.0763888888889E-09   0.000000000000       0.000000000000       0.000000000000    



      ADDED NODAL NON-STRUCTURAL MASSES 
     -----------------------------------

      TOTAL ADDED MASS =   0.000000000000    



         SHELL ELEMENTS TIME STEP
         ------------------------

      TIME STEP       ELEMENT NUMBER
             Infinity              1


         NODAL TIME STEP (estimation)
         ---------------

      TIME STEP       NODE NUMBER
   122757.6655221                  1
   122757.6655221                  2
   122757.6655221                  3
   122757.6655221                  4


         NODAL TIME STEP DISTRIBUTION 
         ----------------------------


            % OF NODES
                   ^
                   |                                                            
         100.000 --|                            #                               
                   |                            #                               
                   |                            #                               
                   |                            #                               
                   |                            #                               
                   |                            #                               
                   |                            #                               
                   |                            #                               
                   |                            #                               
                   |                            #                               
                   |                            #                               
                   |                            #                               
                   |                            #                               
                   |                            #                               
                   |                            #                               
                   |                            #                               
                   |                            #                               
                   |                            #                               
                   |                            #                               
                   |                            #                               
                   |                            #                               
                   |                            #                               
           0.000 --|#                           #                             # 
                    -------------------------------------------------------------> NODAL TIME STEP
                    |                                                          |
                1.228E+05                                                  1.228E+05
  
  
 SUMMARY OF POSSIBLE INCOMPATIBLE KINEMATIC CONDITIONS :
 -----------------------------------------------------
                                  
 NO TRUE INCOMPATIBLE KINEMATIC CONDITION
 .. RESTART FILE                                                                         
  
------------------------------------------------------------------------
  
                   ** COMPUTE TIME INFORMATION **
  
 EXECUTION STARTED      :      2026/04/29  18:02:50
 EXECUTION COMPLETED    :      2026/04/29  18:02:50
  
 ELAPSED TIME...........=          0.24 s
                               00:00:00
  
------------------------------------------------------------------------



     ERROR TERMINATION                  
     ------------------                                                                  


------------------------------------------------------------------------------------------------------------------------
|            ERROR(S) SUMMARY                               |             WARNING(S) SUMMARY                           |
------------------------------------------------------------------------------------------------------------------------
|                                                           |                                                          |
|  --- INTERNAL                               4   ERROR(S)  |  --- GLOBAL UNITS                           2 WARNING(S) |
|       |                                                   |       |                                                  |
|       |                                                   |       |                                                  |
|       |---     1   ERROR ID :         1581                |       |---     2 WARNING ID :       100214               |
|       | ** ERROR IN /MAT/LAW58                            |       | ** WARNING IN INPUT OPTIONS                      |
|       |                                                   |       |                                                  |
|       |---     1   ERROR ID :         1582                |                                                          |
|       | ** ERROR IN /MAT/LAW58                            |                                                          |
|       |                                                   |                                                          |
|       |---     1   ERROR ID :         1583                |                                                          |
|       | ** ERROR IN /MAT/LAW58                            |                                                          |
|       |                                                   |                                                          |
|       |---     1   ERROR ID :         3047                |                                                          |
|       | ** ERROR IN MATERIAL/PROPERTY COMPATIBILITY       |                                                          |
|       |                                                   |                                                          |
|                                                           |                                                          |
|                                                           |                                                          |
|  --- ELEMENT INITIALIZATION                 1   ERROR(S)  |                                                          |
|       |                                                   |                                                          |
|       |                                                   |                                                          |
|       |---     1   ERROR ID :          658                |                                                          |
|       | ** ERROR IN MATERIAL/PROPERTY CONSISTENCY         |                                                          |
|       |                                                   |                                                          |
|                                                           |                                                          |
|                                                           |                                                          |
------------------------------------------------------------------------------------------------------------------------




              5 ERROR(S)            
              2 WARNING(S)          


